Archive member included to satisfy reference by file (symbol)

D:/STM32CubeIDE_1.14.0/STM32CubeIDE/plugins/com.st.stm32cube.ide.mcu.externaltools.gnu-tools-for-stm32.11.3.rel1.win32_1.1.100.202309141235/tools/bin/../lib/gcc/arm-none-eabi/11.3.1/../../../../arm-none-eabi/lib/thumb/v7e-m+fp/hard\libc_nano.a(libc_a-exit.o)
                              D:/STM32CubeIDE_1.14.0/STM32CubeIDE/plugins/com.st.stm32cube.ide.mcu.externaltools.gnu-tools-for-stm32.11.3.rel1.win32_1.1.100.202309141235/tools/bin/../lib/gcc/arm-none-eabi/11.3.1/../../../../arm-none-eabi/lib/thumb/v7e-m+fp/hard/crt0.o (exit)
D:/STM32CubeIDE_1.14.0/STM32CubeIDE/plugins/com.st.stm32cube.ide.mcu.externaltools.gnu-tools-for-stm32.11.3.rel1.win32_1.1.100.202309141235/tools/bin/../lib/gcc/arm-none-eabi/11.3.1/../../../../arm-none-eabi/lib/thumb/v7e-m+fp/hard\libc_nano.a(libc_a-findfp.o)
                              D:/STM32CubeIDE_1.14.0/STM32CubeIDE/plugins/com.st.stm32cube.ide.mcu.externaltools.gnu-tools-for-stm32.11.3.rel1.win32_1.1.100.202309141235/tools/bin/../lib/gcc/arm-none-eabi/11.3.1/../../../../arm-none-eabi/lib/thumb/v7e-m+fp/hard\libc_nano.a(libc_a-exit.o) (__stdio_exit_handler)
D:/STM32CubeIDE_1.14.0/STM32CubeIDE/plugins/com.st.stm32cube.ide.mcu.externaltools.gnu-tools-for-stm32.11.3.rel1.win32_1.1.100.202309141235/tools/bin/../lib/gcc/arm-none-eabi/11.3.1/../../../../arm-none-eabi/lib/thumb/v7e-m+fp/hard\libc_nano.a(libc_a-fwalk.o)
                              D:/STM32CubeIDE_1.14.0/STM32CubeIDE/plugins/com.st.stm32cube.ide.mcu.externaltools.gnu-tools-for-stm32.11.3.rel1.win32_1.1.100.202309141235/tools/bin/../lib/gcc/arm-none-eabi/11.3.1/../../../../arm-none-eabi/lib/thumb/v7e-m+fp/hard\libc_nano.a(libc_a-findfp.o) (_fwalk_sglue)
D:/STM32CubeIDE_1.14.0/STM32CubeIDE/plugins/com.st.stm32cube.ide.mcu.externaltools.gnu-tools-for-stm32.11.3.rel1.win32_1.1.100.202309141235/tools/bin/../lib/gcc/arm-none-eabi/11.3.1/../../../../arm-none-eabi/lib/thumb/v7e-m+fp/hard\libc_nano.a(libc_a-stdio.o)
                              D:/STM32CubeIDE_1.14.0/STM32CubeIDE/plugins/com.st.stm32cube.ide.mcu.externaltools.gnu-tools-for-stm32.11.3.rel1.win32_1.1.100.202309141235/tools/bin/../lib/gcc/arm-none-eabi/11.3.1/../../../../arm-none-eabi/lib/thumb/v7e-m+fp/hard\libc_nano.a(libc_a-findfp.o) (__sread)
D:/STM32CubeIDE_1.14.0/STM32CubeIDE/plugins/com.st.stm32cube.ide.mcu.externaltools.gnu-tools-for-stm32.11.3.rel1.win32_1.1.100.202309141235/tools/bin/../lib/gcc/arm-none-eabi/11.3.1/../../../../arm-none-eabi/lib/thumb/v7e-m+fp/hard\libc_nano.a(libc_a-memset.o)
                              D:/STM32CubeIDE_1.14.0/STM32CubeIDE/plugins/com.st.stm32cube.ide.mcu.externaltools.gnu-tools-for-stm32.11.3.rel1.win32_1.1.100.202309141235/tools/bin/../lib/gcc/arm-none-eabi/11.3.1/../../../../arm-none-eabi/lib/thumb/v7e-m+fp/hard/crt0.o (memset)
D:/STM32CubeIDE_1.14.0/STM32CubeIDE/plugins/com.st.stm32cube.ide.mcu.externaltools.gnu-tools-for-stm32.11.3.rel1.win32_1.1.100.202309141235/tools/bin/../lib/gcc/arm-none-eabi/11.3.1/../../../../arm-none-eabi/lib/thumb/v7e-m+fp/hard\libc_nano.a(libc_a-closer.o)
                              D:/STM32CubeIDE_1.14.0/STM32CubeIDE/plugins/com.st.stm32cube.ide.mcu.externaltools.gnu-tools-for-stm32.11.3.rel1.win32_1.1.100.202309141235/tools/bin/../lib/gcc/arm-none-eabi/11.3.1/../../../../arm-none-eabi/lib/thumb/v7e-m+fp/hard\libc_nano.a(libc_a-stdio.o) (_close_r)
D:/STM32CubeIDE_1.14.0/STM32CubeIDE/plugins/com.st.stm32cube.ide.mcu.externaltools.gnu-tools-for-stm32.11.3.rel1.win32_1.1.100.202309141235/tools/bin/../lib/gcc/arm-none-eabi/11.3.1/../../../../arm-none-eabi/lib/thumb/v7e-m+fp/hard\libc_nano.a(libc_a-reent.o)
                              D:/STM32CubeIDE_1.14.0/STM32CubeIDE/plugins/com.st.stm32cube.ide.mcu.externaltools.gnu-tools-for-stm32.11.3.rel1.win32_1.1.100.202309141235/tools/bin/../lib/gcc/arm-none-eabi/11.3.1/../../../../arm-none-eabi/lib/thumb/v7e-m+fp/hard\libc_nano.a(libc_a-closer.o) (errno)
D:/STM32CubeIDE_1.14.0/STM32CubeIDE/plugins/com.st.stm32cube.ide.mcu.externaltools.gnu-tools-for-stm32.11.3.rel1.win32_1.1.100.202309141235/tools/bin/../lib/gcc/arm-none-eabi/11.3.1/../../../../arm-none-eabi/lib/thumb/v7e-m+fp/hard\libc_nano.a(libc_a-impure.o)
                              D:/STM32CubeIDE_1.14.0/STM32CubeIDE/plugins/com.st.stm32cube.ide.mcu.externaltools.gnu-tools-for-stm32.11.3.rel1.win32_1.1.100.202309141235/tools/bin/../lib/gcc/arm-none-eabi/11.3.1/../../../../arm-none-eabi/lib/thumb/v7e-m+fp/hard\libc_nano.a(libc_a-reent.o) (_impure_ptr)
D:/STM32CubeIDE_1.14.0/STM32CubeIDE/plugins/com.st.stm32cube.ide.mcu.externaltools.gnu-tools-for-stm32.11.3.rel1.win32_1.1.100.202309141235/tools/bin/../lib/gcc/arm-none-eabi/11.3.1/../../../../arm-none-eabi/lib/thumb/v7e-m+fp/hard\libc_nano.a(libc_a-lseekr.o)
[...]
Memory Configuration

Name             Origin             Length             Attributes
RAM              0x0000000020000000 0x0000000000020000 xrw
FLASH            0x0000000008000000 0x0000000000080000 xr
*default*        0x0000000000000000 0xffffffffffffffff

Linker script and memory map

LOAD D:/STM32CubeIDE_1.14.0/STM32CubeIDE/plugins/com.st.stm32cube.ide.mcu.externaltools.gnu-tools-for-stm32.11.3.rel1.win32_1.1.100.202309141235/tools/bin/../lib/gcc/arm-none-eabi/11.3.1/thumb/v7e-m+fp/hard/crti.o
LOAD D:/STM32CubeIDE_1.14.0/STM32CubeIDE/plugins/com.st.stm32cube.ide.mcu.externaltools.gnu-tools-for-stm32.11.3.rel1.win32_1.1.100.202309141235/tools/bin/../lib/gcc/arm-none-eabi/11.3.1/thumb/v7e-m+fp/hard/crtbegin.o
LOAD D:/STM32CubeIDE_1.14.0/STM32CubeIDE/plugins/com.st.stm32cube.ide.mcu.externaltools.gnu-tools-for-stm32.11.3.rel1.win32_1.1.100.202309141235/tools/bin/../lib/gcc/arm-none-eabi/11.3.1/../../../../arm-none-eabi/lib/thumb/v7e-m+fp/hard/crt0.o
LOAD ./Src/FPU.o
LOAD ./Src/GPIO_prog.o
LOAD ./Src/KeyPad_prog.o
LOAD ./Src/LCD_prog.o
LOAD ./Src/RCC_prog.o
LOAD ./Src/SysTick.o
LOAD ./Src/calculator.o
LOAD ./Src/main.o
LOAD ./Src/syscalls.o
LOAD ./Src/sysmem.o
LOAD ./Startup/startup_stm32f446retx.o
START GROUP
LOAD D:/STM32CubeIDE_1.14.0/STM32CubeIDE/plugins/com.st.stm32cube.ide.mcu.externaltools.gnu-tools-for-stm32.11.3.rel1.win32_1.1.100.202309141235/tools/bin/../lib/gcc/arm-none-eabi/11.3.1/../../../../arm-none-eabi/lib/thumb/v7e-m+fp/hard\libc_nano.a
LOAD D:/STM32CubeIDE_1.14.0/STM32CubeIDE/plugins/com.st.stm32cube.ide.mcu.externaltools.gnu-tools-for-stm32.11.3.rel1.win32_1.1.100.202309141235/tools/bin/../lib/gcc/arm-none-eabi/11.3.1/../../../../arm-none-eabi/lib/thumb/v7e-m+fp/hard\libm.a
END GROUP
START GROUP
LOAD D:/STM32CubeIDE_1.14.0/STM32CubeIDE/plugins/com.st.stm32cube.ide.mcu.externaltools.gnu-tools-for-stm32.11.3.rel1.win32_1.1.100.202309141235/tools/bin/../lib/gcc/arm-none-eabi/11.3.1/thumb/v7e-m+fp/hard\libgcc.a
LOAD D:/STM32CubeIDE_1.14.0/STM32CubeIDE/plugins/com.st.stm32cube.ide.mcu.externaltools.gnu-tools-for-stm32.11.3.rel1.win32_1.1.100.202309141235/tools/bin/../lib/gcc/arm-none-eabi/11.3.1/../../../../arm-none-eabi/lib/thumb/v7e-m+fp/hard\libc_nano.a
END GROUP
START GROUP
LOAD D:/STM32CubeIDE_1.14.0/STM32CubeIDE/plugins/com.st.stm32cube.ide.mcu.externaltools.gnu-tools-for-stm32.11.3.rel1.win32_1.1.100.202309141235/tools/bin/../lib/gcc/arm-none-eabi/11.3.1/thumb/v7e-m+fp/hard\libgcc.a
LOAD D:/STM32CubeIDE_1.14.0/STM32CubeIDE/plugins/com.st.stm32cube.ide.mcu.externaltools.gnu-tools-for-stm32.11.3.rel1.win32_1.1.100.202309141235/tools/bin/../lib/gcc/arm-none-eabi/11.3.1/../../../../arm-none-eabi/lib/thumb/v7e-m+fp/hard\libc_nano.a
LOAD D:/STM32CubeIDE_1.14.0/STM32CubeIDE/plugins/com.st.stm32cube.ide.mcu.externaltools.gnu-tools-for-stm32.11.3.rel1.win32_1.1.100.202309141235/tools/bin/../lib/gcc/arm-none-eabi/11.3.1/../../../../arm-none-eabi/lib/thumb/v7e-m+fp/hard\libnosys.a
END GROUP
START GROUP
LOAD D:/STM32CubeIDE_1.14.0/STM32CubeIDE/plugins/com.st.stm32cube.ide.mcu.externaltools.gnu-tools-for-stm32.11.3.rel1.win32_1.1.100.202309141235/tools/bin/../lib/gcc/arm-none-eabi/11.3.1/thumb/v7e-m+fp/hard\libgcc.a
LOAD D:/STM32CubeIDE_1.14.0/STM32CubeIDE/plugins/com.st.stm32cube.ide.mcu.externaltools.gnu-tools-for-stm32.11.3.rel1.win32_1.1.100.202309141235/tools/bin/../lib/gcc/arm-none-eabi/11.3.1/../../../../arm-none-eabi/lib/thumb/v7e-m+fp/hard\libc_nano.a
LOAD D:/STM32CubeIDE_1.14.0/STM32CubeIDE/plugins/com.st.stm32cube.ide.mcu.externaltools.gnu-tools-for-stm32.11.3.rel1.win32_1.1.100.202309141235/tools/bin/../lib/gcc/arm-none-eabi/11.3.1/../../../../arm-none-eabi/lib/thumb/v7e-m+fp/hard\libnosys.a
END GROUP
LOAD D:/STM32CubeIDE_1.14.0/STM32CubeIDE/plugins/com.st.stm32cube.ide.mcu.externaltools.gnu-tools-for-stm32.11.3.rel1.win32_1.1.100.202309141235/tools/bin/../lib/gcc/arm-none-eabi/11.3.1/thumb/v7e-m+fp/hard/crtend.o
LOAD D:/STM32CubeIDE_1.14.0/STM32CubeIDE/plugins/com.st.stm32cube.ide.mcu.externaltools.gnu-tools-for-stm32.11.3.rel1.win32_1.1.100.202309141235/tools/bin/../lib/gcc/arm-none-eabi/11.3.1/thumb/v7e-m+fp/hard/crtn.o
                0x0000000020020000                _estack = (ORIGIN (RAM) + LENGTH (RAM))
                0x0000000000000200                _Min_Heap_Size = 0x200
                0x0000000000000400                _Min_Stack_Size = 0x400

.isr_vector     0x0000000008000000      0x1c4
                0x0000000008000000                . = ALIGN (0x4)
 *(.isr_vector)
 .isr_vector    0x0000000008000000      0x1c4 ./Startup/startup_stm32f446retx.o
                0x0000000008000000                g_pfnVectors
                0x00000000080001c4                . = ALIGN (0x4)

.text           0x00000000080001c4     0x151c
                0x00000000080001c4                . = ALIGN (0x4)
 *(.text)
 .text          0x00000000080001c4       0x40 D:/STM32CubeIDE_1.14.0/STM32CubeIDE/plugins/com.st.stm32cube.ide.mcu.externaltools.gnu-tools-for-stm32.11.3.rel1.win32_1.1.100.202309141235/tools/bin/../lib/gcc/arm-none-eabi/11.3.1/thumb/v7e-m+fp/hard/crtbegin.o
 .text          0x0000000008000204      0x378 D:/STM32CubeIDE_1.14.0/STM32CubeIDE/plugins/com.st.stm32cube.ide.mcu.externaltools.gnu-tools-for-stm32.11.3.rel1.win32_1.1.100.202309141235/tools/bin/../lib/gcc/arm-none-eabi/11.3.1/thumb/v7e-m+fp/hard\libgcc.a(_arm_addsubdf3.o)
                0x0000000008000204                __aeabi_drsub
                0x000000000800020c                __aeabi_dsub
                0x000000000800020c                __subdf3
                0x0000000008000210                __aeabi_dadd
                0x0000000008000210                __adddf3
                0x0000000008000488                __floatunsidf
                0x0000000008000488                __aeabi_ui2d
                0x00000000080004a8                __floatsidf
                0x00000000080004a8                __aeabi_i2d
                0x00000000080004cc                __aeabi_f2d
                0x00000000080004cc                __extendsfdf2
                0x0000000008000510                __floatundidf
                0x0000000008000510                __aeabi_ul2d
                0x0000000008000520                __floatdidf
                0x0000000008000520                __aeabi_l2d
 .text          0x000000000800057c       0x40 D:/STM32CubeIDE_1.14.0/STM32CubeIDE/plugins/com.st.stm32cube.ide.mcu.externaltools.gnu-tools-for-stm32.11.3.rel1.win32_1.1.100.202309141235/tools/bin/../lib/gcc/arm-none-eabi/11.3.1/thumb/v7e-m+fp/hard\libgcc.a(_arm_fixunsdfsi.o)
                0x000000000800057c                __aeabi_d2uiz
                0x000000000800057c                __fixunsdfsi
 *(.text*)
 .text.EnableFPU
                0x00000000080005bc       0x34 ./Src/FPU.o
                0x00000000080005bc                EnableFPU
 .text.GPIO_u8PinInit
                0x00000000080005f0      0x25c ./Src/GPIO_prog.o
                0x00000000080005f0                GPIO_u8PinInit
 .text.GPIO_u8SetPinValue
                0x000000000800084c       0x8c ./Src/GPIO_prog.o
                0x000000000800084c                GPIO_u8SetPinValue
 .text.GPIO_u8ReadPinValue
                0x00000000080008d8       0x54 ./Src/GPIO_prog.o
                0x00000000080008d8                GPIO_u8ReadPinValue
 .text.KEYPAD_init
                0x000000000800092c       0xdc ./Src/KeyPad_prog.o
                0x000000000800092c                KEYPAD_init
 .text.KEYPAD_GetPressedKey
                0x0000000008000a08       0xec ./Src/KeyPad_prog.o
                0x0000000008000a08                KEYPAD_GetPressedKey
 .text.LCD_PinConfig
                0x0000000008000af4       0x48 ./Src/LCD_prog.o
                0x0000000008000af4                LCD_PinConfig
 .text.LCD_voidSendLowerNibble
                0x0000000008000b3c       0x64 ./Src/LCD_prog.o
                0x0000000008000b3c                LCD_voidSendLowerNibble
 .text.LCD_voidSetEnable
                0x0000000008000ba0       0x22 ./Src/LCD_prog.o
                0x0000000008000ba0                LCD_voidSetEnable
 .text.LCD_voidSendCommand
                0x0000000008000bc2       0x42 ./Src/LCD_prog.o
                0x0000000008000bc2                LCD_voidSendCommand
 .text.LCD_voidSendData
                0x0000000008000c04       0x42 ./Src/LCD_prog.o
                0x0000000008000c04                LCD_voidSendData
 .text.LCD_voidInit
                0x0000000008000c46       0x38 ./Src/LCD_prog.o
                0x0000000008000c46                LCD_voidInit
 .text.LCD_voidSendString
                0x0000000008000c7e       0x38 ./Src/LCD_prog.o
                0x0000000008000c7e                LCD_voidSendString
 .text.LCD_SetGridPos
                0x0000000008000cb6       0x48 ./Src/LCD_prog.o
                0x0000000008000cb6                LCD_SetGridPos
 *fill*         0x0000000008000cfe        0x2 
 .text.LCD_voidSendNum
                0x0000000008000d00      0x354 ./Src/LCD_prog.o
                0x0000000008000d00                LCD_voidSendNum
 .text.RCC_SetClkStatus
                0x0000000008001054       0x6c ./Src/RCC_prog.o
                0x0000000008001054                RCC_SetClkStatus
 .text.RCC_SetSysClk
                0x00000000080010c0       0x50 ./Src/RCC_prog.o
                0x00000000080010c0                RCC_SetSysClk
 .text.RCC_HSE_Mode
                0x0000000008001110       0x48 ./Src/RCC_prog.o
                0x0000000008001110                RCC_HSE_Mode
 .text.RCC_PLL_Config
                0x0000000008001158      0x148 ./Src/RCC_prog.o
                0x0000000008001158                RCC_PLL_Config
 .text.RCC_AHB1_EnableClk
                0x00000000080012a0       0x3c ./Src/RCC_prog.o
                0x00000000080012a0                RCC_AHB1_EnableClk
 .text.SysTick_delay_ms
                0x00000000080012dc       0x98 ./Src/SysTick.o
                0x00000000080012dc                SysTick_delay_ms
 .text.resetCalculator
                0x0000000008001374       0x50 ./Src/calculator.o
                0x0000000008001374                resetCalculator
 .text.handleNumberInput
                0x00000000080013c4       0x98 ./Src/calculator.o
                0x00000000080013c4                handleNumberInput
 .text.handleOperatorInput
                0x000000000800145c       0x38 ./Src/calculator.o
                0x000000000800145c                handleOperatorInput
 .text.calculateResult
                0x0000000008001494       0xdc ./Src/calculator.o
                0x0000000008001494                calculateResult
 .text.calculatorLoop
                0x0000000008001570       0x70 ./Src/calculator.o
                0x0000000008001570                calculatorLoop
 .text.main     0x00000000080015e0       0x4a ./Src/main.o
                0x00000000080015e0                main
 *fill*         0x000000000800162a        0x2 
 .text.Reset_Handler
                0x000000000800162c       0x50 ./Startup/startup_stm32f446retx.o
                0x000000000800162c                Reset_Handler
 .text.Default_Handler
                0x000000000800167c        0x2 ./Startup/startup_stm32f446retx.o
                0x000000000800167c                RTC_Alarm_IRQHandler
                0x000000000800167c                EXTI2_IRQHandler
                0x000000000800167c                TIM8_CC_IRQHandler
                0x000000000800167c                SPDIF_Rx_IRQHandler
                0x000000000800167c                DebugMon_Handler
                0x000000000800167c                SPI4_IRQHandler
                0x000000000800167c                TIM1_CC_IRQHandler
                0x000000000800167c                QuadSPI_IRQHandler
                0x000000000800167c                DMA2_Stream5_IRQHandler
                0x000000000800167c                HardFault_Handler
                0x000000000800167c                DMA1_Stream5_IRQHandler
                0x000000000800167c                SysTick_Handler
                0x000000000800167c                PVD_IRQHandler
                0x000000000800167c                SDIO_IRQHandler
                0x000000000800167c                TAMP_STAMP_IRQHandler
                0x000000000800167c                PendSV_Handler
                0x000000000800167c                NMI_Handler
                0x000000000800167c                CAN2_RX1_IRQHandler
                0x000000000800167c                EXTI3_IRQHandler
                0x000000000800167c                TIM8_TRG_COM_TIM14_IRQHandler
                0x000000000800167c                TIM1_UP_TIM10_IRQHandler
                0x000000000800167c                FMPI2C1_error_IRQHandler
                0x000000000800167c                TIM8_UP_TIM13_IRQHandler
                0x000000000800167c                I2C3_ER_IRQHandler
                0x000000000800167c                EXTI0_IRQHandler
                0x000000000800167c                I2C2_EV_IRQHandler
                0x000000000800167c                DMA1_Stream2_IRQHandler
                0x000000000800167c                CAN1_RX0_IRQHandler
                0x000000000800167c                OTG_HS_WKUP_IRQHandler
                0x000000000800167c                UsageFault_Handler
                0x000000000800167c                CAN2_SCE_IRQHandler
                0x000000000800167c                DMA2_Stream2_IRQHandler
                0x000000000800167c                SPI1_IRQHandler
                0x000000000800167c                TIM6_DAC_IRQHandler
                0x000000000800167c                TIM1_BRK_TIM9_IRQHandler
                0x000000000800167c                DCMI_IRQHandler
                0x000000000800167c                CAN2_RX0_IRQHandler
                0x000000000800167c                DMA2_Stream3_IRQHandler
                0x000000000800167c                FMPI2C1_IRQHandler
                0x000000000800167c                SAI2_IRQHandler
                0x000000000800167c                USART6_IRQHandler
                0x000000000800167c                USART3_IRQHandler
                0x000000000800167c                CAN1_RX1_IRQHandler
                0x000000000800167c                UART5_IRQHandler
                0x000000000800167c                DMA2_Stream0_IRQHandler
                0x000000000800167c                TIM4_IRQHandler
                0x000000000800167c                I2C1_EV_IRQHandler
                0x000000000800167c                HDMI_CEC_IRQHandler
                0x000000000800167c                DMA1_Stream6_IRQHandler
                0x000000000800167c                DMA1_Stream1_IRQHandler
                0x000000000800167c                UART4_IRQHandler
                0x000000000800167c                TIM3_IRQHandler
                0x000000000800167c                RCC_IRQHandler
                0x000000000800167c                TIM8_BRK_TIM12_IRQHandler
                0x000000000800167c                Default_Handler
                0x000000000800167c                EXTI15_10_IRQHandler
                0x000000000800167c                ADC_IRQHandler
                0x000000000800167c                DMA1_Stream7_IRQHandler
                0x000000000800167c                TIM7_IRQHandler
                0x000000000800167c                CAN2_TX_IRQHandler
                0x000000000800167c                TIM5_IRQHandler
                0x000000000800167c                DMA2_Stream7_IRQHandler
                0x000000000800167c                I2C3_EV_IRQHandler
                0x000000000800167c                EXTI9_5_IRQHandler
                0x000000000800167c                RTC_WKUP_IRQHandler
                0x000000000800167c                SPI2_IRQHandler
                0x000000000800167c                OTG_HS_EP1_IN_IRQHandler
                0x000000000800167c                MemManage_Handler
                0x000000000800167c                DMA1_Stream0_IRQHandler
                0x000000000800167c                CAN1_TX_IRQHandler
                0x000000000800167c                SVC_Handler
                0x000000000800167c                EXTI4_IRQHandler
                0x000000000800167c                OTG_HS_EP1_OUT_IRQHandler
                0x000000000800167c                WWDG_IRQHandler
                0x000000000800167c                TIM2_IRQHandler
                0x000000000800167c                OTG_FS_WKUP_IRQHandler
                0x000000000800167c                TIM1_TRG_COM_TIM11_IRQHandler
                0x000000000800167c                OTG_HS_IRQHandler
                0x000000000800167c                EXTI1_IRQHandler
                0x000000000800167c                USART2_IRQHandler
                0x000000000800167c                I2C2_ER_IRQHandler
                0x000000000800167c                DMA2_Stream1_IRQHandler
                0x000000000800167c                CAN1_SCE_IRQHandler
                0x000000000800167c                FLASH_IRQHandler
                0x000000000800167c                DMA2_Stream4_IRQHandler
                0x000000000800167c                BusFault_Handler
                0x000000000800167c                USART1_IRQHandler
                0x000000000800167c                OTG_FS_IRQHandler
                0x000000000800167c                SPI3_IRQHandler
                0x000000000800167c                DMA1_Stream4_IRQHandler
                0x000000000800167c                I2C1_ER_IRQHandler
                0x000000000800167c                FMC_IRQHandler
                0x000000000800167c                DMA2_Stream6_IRQHandler
                0x000000000800167c                SAI1_IRQHandler
                0x000000000800167c                DMA1_Stream3_IRQHandler
 *fill*         0x000000000800167e        0x2 
 .text.__libc_init_array
                0x0000000008001680       0x48 D:/STM32CubeIDE_1.14.0/STM32CubeIDE/plugins/com.st.stm32cube.ide.mcu.externaltools.gnu-tools-for-stm32.11.3.rel1.win32_1.1.100.202309141235/tools/bin/../lib/gcc/arm-none-eabi/11.3.1/../../../../arm-none-eabi/lib/thumb/v7e-m+fp/hard\libc_nano.a(libc_a-init.o)
                0x0000000008001680                __libc_init_array
 *(.glue_7)
 .glue_7        0x00000000080016c8        0x0 linker stubs
 *(.glue_7t)
 .glue_7t       0x00000000080016c8        0x0 linker stubs
 *(.eh_frame)
 .eh_frame      0x00000000080016c8        0x0 D:/STM32CubeIDE_1.14.0/STM32CubeIDE/plugins/com.st.stm32cube.ide.mcu.externaltools.gnu-tools-for-stm32.11.3.rel1.win32_1.1.100.202309141235/tools/bin/../lib/gcc/arm-none-eabi/11.3.1/thumb/v7e-m+fp/hard/crtbegin.o
 *(.init)
 .init          0x00000000080016c8        0x4 D:/STM32CubeIDE_1.14.0/STM32CubeIDE/plugins/com.st.stm32cube.ide.mcu.externaltools.gnu-tools-for-stm32.11.3.rel1.win32_1.1.100.202309141235/tools/bin/../lib/gcc/arm-none-eabi/11.3.1/thumb/v7e-m+fp/hard/crti.o
                0x00000000080016c8                _init
 .init          0x00000000080016cc        0x8 D:/STM32CubeIDE_1.14.0/STM32CubeIDE/plugins/com.st.stm32cube.ide.mcu.externaltools.gnu-tools-for-stm32.11.3.rel1.win32_1.1.100.202309141235/tools/bin/../lib/gcc/arm-none-eabi/11.3.1/thumb/v7e-m+fp/hard/crtn.o
 *(.fini)
 .fini          0x00000000080016d4        0x4 D:/STM32CubeIDE_1.14.0/STM32CubeIDE/plugins/com.st.stm32cube.ide.mcu.externaltools.gnu-tools-for-stm32.11.3.rel1.win32_1.1.100.202309141235/tools/bin/../lib/gcc/arm-none-eabi/11.3.1/thumb/v7e-m+fp/hard/crti.o
                0x00000000080016d4                _fini
 .fini          0x00000000080016d8        0x8 D:/STM32CubeIDE_1.14.0/STM32CubeIDE/plugins/com.st.stm32cube.ide.mcu.externaltools.gnu-tools-for-stm32.11.3.rel1.win32_1.1.100.202309141235/tools/bin/../lib/gcc/arm-none-eabi/11.3.1/thumb/v7e-m+fp/hard/crtn.o
                0x00000000080016e0                . = ALIGN (0x4)
                0x00000000080016e0                _etext = .

.vfp11_veneer   0x00000000080016e0        0x0
 .vfp11_veneer  0x00000000080016e0        0x0 linker stubs

.v4_bx          0x00000000080016e0        0x0
 .v4_bx         0x00000000080016e0        0x0 linker stubs

.iplt           0x00000000080016e0        0x0
 .iplt          0x00000000080016e0        0x0 D:/STM32CubeIDE_1.14.0/STM32CubeIDE/plugins/com.st.stm32cube.ide.mcu.externaltools.gnu-tools-for-stm32.11.3.rel1.win32_1.1.100.202309141235/tools/bin/../lib/gcc/arm-none-eabi/11.3.1/thumb/v7e-m+fp/hard/crtbegin.o

.rodata         0x00000000080016e0       0x24
                0x00000000080016e0                . = ALIGN (0x4)
 *(.rodata)
 .rodata        0x00000000080016e0       0x10 ./Src/KeyPad_prog.o
 .rodata        0x00000000080016f0       0x10 ./Src/LCD_prog.o
 .rodata        0x0000000008001700        0x4 ./Src/calculator.o
 *(.rodata*)
                0x0000000008001704                . = ALIGN (0x4)

.rel.dyn        0x0000000008001704        0x0
 .rel.iplt      0x0000000008001704        0x0 D:/STM32CubeIDE_1.14.0/STM32CubeIDE/plugins/com.st.stm32cube.ide.mcu.externaltools.gnu-tools-for-stm32.11.3.rel1.win32_1.1.100.202309141235/tools/bin/../lib/gcc/arm-none-eabi/11.3.1/thumb/v7e-m+fp/hard/crtbegin.o

.ARM.extab      0x0000000008001704        0x0
                0x0000000008001704                . = ALIGN (0x4)
 *(.ARM.extab* .gnu.linkonce.armextab.*)
                0x0000000008001704                . = ALIGN (0x4)

.ARM            0x0000000008001704        0x0
                0x0000000008001704                . = ALIGN (0x4)
                0x0000000008001704                __exidx_start = .
 *(.ARM.exidx*)
                0x0000000008001704                __exidx_end = .
                0x0000000008001704                . = ALIGN (0x4)

.preinit_array  0x0000000008001704        0x0
                0x0000000008001704                . = ALIGN (0x4)
                0x0000000008001704                PROVIDE (__preinit_array_start = .)
 *(.preinit_array*)
                0x0000000008001704                PROVIDE (__preinit_array_end = .)
                0x0000000008001704                . = ALIGN (0x4)

.init_array     0x0000000008001704        0x4
                0x0000000008001704                . = ALIGN (0x4)
                0x0000000008001704                PROVIDE (__init_array_start = .)
 *(SORT_BY_NAME(.init_array.*))
 *(.init_array*)
 .init_array    0x0000000008001704        0x4 D:/STM32CubeIDE_1.14.0/STM32CubeIDE/plugins/com.st.stm32cube.ide.mcu.externaltools.gnu-tools-for-stm32.11.3.rel1.win32_1.1.100.202309141235/tools/bin/../lib/gcc/arm-none-eabi/11.3.1/thumb/v7e-m+fp/hard/crtbegin.o
                0x0000000008001708                PROVIDE (__init_array_end = .)
                0x0000000008001708                . = ALIGN (0x4)

.fini_array     0x0000000008001708        0x4
                0x0000000008001708                . = ALIGN (0x4)
                [!provide]                        PROVIDE (__fini_array_start = .)
 *(SORT_BY_NAME(.fini_array.*))
 *(.fini_array*)
 .fini_array    0x0000000008001708        0x4 D:/STM32CubeIDE_1.14.0/STM32CubeIDE/plugins/com.st.stm32cube.ide.mcu.externaltools.gnu-tools-for-stm32.11.3.rel1.win32_1.1.100.202309141235/tools/bin/../lib/gcc/arm-none-eabi/11.3.1/thumb/v7e-m+fp/hard/crtbegin.o
                [!provide]                        PROVIDE (__fini_array_end = .)
                0x000000000800170c                . = ALIGN (0x4)
                0x000000000800170c                _sidata = LOADADDR (.data)

.data           0x0000000020000000       0x80 load address 0x000000000800170c
                0x0000000020000000                . = ALIGN (0x4)
                0x0000000020000000                _sdata = .
 *(.data)
 *(.data*)
 .data.GPIO_Port
                0x0000000020000000       0x20 ./Src/GPIO_prog.o
 .data.KEYPAD_ButtonValues
                0x0000000020000020       0x10 ./Src/KeyPad_prog.o
                0x0000000020000020                KEYPAD_ButtonValues
 .data.Key_Pad_PinConfig
                0x0000000020000030       0x1c ./Src/KeyPad_prog.o
                0x0000000020000030                Key_Pad_PinConfig
 .data.LCD_Pins
                0x000000002000004c       0x31 ./Src/LCD_prog.o
                0x000000002000004c                LCD_Pins
 *(.RamFunc)
 *(.RamFunc*)
                0x0000000020000080                . = ALIGN (0x4)
 *fill*         0x000000002000007d        0x3 
                0x0000000020000080                _edata = .

.igot.plt       0x0000000020000080        0x0 load address 0x000000000800178c
 .igot.plt      0x0000000020000080        0x0 D:/STM32CubeIDE_1.14.0/STM32CubeIDE/plugins/com.st.stm32cube.ide.mcu.externaltools.gnu-tools-for-stm32.11.3.rel1.win32_1.1.100.202309141235/tools/bin/../lib/gcc/arm-none-eabi/11.3.1/thumb/v7e-m+fp/hard/crtbegin.o
                0x0000000020000080                . = ALIGN (0x4)

.bss            0x0000000020000080       0x4c load address 0x000000000800178c
                0x0000000020000080                _sbss = .
                0x0000000020000080                __bss_start__ = _sbss
 *(.bss)
 .bss           0x0000000020000080       0x1c D:/STM32CubeIDE_1.14.0/STM32CubeIDE/plugins/com.st.stm32cube.ide.mcu.externaltools.gnu-tools-for-stm32.11.3.rel1.win32_1.1.100.202309141235/tools/bin/../lib/gcc/arm-none-eabi/11.3.1/thumb/v7e-m+fp/hard/crtbegin.o
 *(.bss*)
 .bss.Row_pin1  0x000000002000009c        0x7 ./Src/KeyPad_prog.o
                0x000000002000009c                Row_pin1
 *fill*         0x00000000200000a3        0x1 
 .bss.Row_pin2  0x00000000200000a4        0x7 ./Src/KeyPad_prog.o
                0x00000000200000a4                Row_pin2
 *fill*         0x00000000200000ab        0x1 
 .bss.Row_pin3  0x00000000200000ac        0x7 ./Src/KeyPad_prog.o
                0x00000000200000ac                Row_pin3
 *fill*         0x00000000200000b3        0x1 
 .bss.Row_pin4  0x00000000200000b4        0x7 ./Src/KeyPad_prog.o
                0x00000000200000b4                Row_pin4
 *fill*         0x00000000200000bb        0x1 
 .bss.num1      0x00000000200000bc        0x4 ./Src/calculator.o
                0x00000000200000bc                num1
 .bss.num2      0x00000000200000c0        0x4 ./Src/calculator.o
                0x00000000200000c0                num2
 .bss.Loc_Sum   0x00000000200000c4        0x4 ./Src/calculator.o
                0x00000000200000c4                Loc_Sum
 .bss.operator  0x00000000200000c8        0x1 ./Src/calculator.o
                0x00000000200000c8                operator
 .bss.isNum1Entered
                0x00000000200000c9        0x1 ./Src/calculator.o
                0x00000000200000c9                isNum1Entered
 .bss.isOperatorEntered
                0x00000000200000ca        0x1 ./Src/calculator.o
                0x00000000200000ca                isOperatorEntered
 *(COMMON)
                0x00000000200000cc                . = ALIGN (0x4)
 *fill*         0x00000000200000cb        0x1 
                0x00000000200000cc                _ebss = .
                0x00000000200000cc                __bss_end__ = _ebss

._user_heap_stack
                0x00000000200000cc      0x604 load address 0x000000000800178c
                0x00000000200000d0                . = ALIGN (0x8)
 *fill*         0x00000000200000cc        0x4 
                [!provide]                        PROVIDE (end = .)
                0x00000000200000d0                PROVIDE (_end = .)
                0x00000000200002d0                . = (. + _Min_Heap_Size)
 *fill*         0x00000000200000d0      0x200 
                0x00000000200006d0                . = (. + _Min_Stack_Size)
 *fill*         0x00000000200002d0      0x400 
                0x00000000200006d0                . = ALIGN (0x8)

/DISCARD/
 libc.a(*)
 libm.a(*)
 libgcc.a(*)

.ARM.attributes
                0x0000000000000000       0x30
 *(.ARM.attributes)
 .ARM.attributes
                0x0000000000000000       0x1e D:/STM32CubeIDE_1.14.0/STM32CubeIDE/plugins/com.st.stm32cube.ide.mcu.externaltools.gnu-tools-for-stm32.11.3.rel1.win32_1.1.100.202309141235/tools/bin/../lib/gcc/arm-none-eabi/11.3.1/thumb/v7e-m+fp/hard/crti.o
 .ARM.attributes
                0x000000000000001e       0x34 D:/STM32CubeIDE_1.14.0/STM32CubeIDE/plugins/com.st.stm32cube.ide.mcu.externaltools.gnu-tools-for-stm32.11.3.rel1.win32_1.1.100.202309141235/tools/bin/../lib/gcc/arm-none-eabi/11.3.1/thumb/v7e-m+fp/hard/crtbegin.o
 .ARM.attributes
                0x0000000000000052       0x34 ./Src/FPU.o
 .ARM.attributes
                0x0000000000000086       0x34 ./Src/GPIO_prog.o
 .ARM.attributes
                0x00000000000000ba       0x34 ./Src/KeyPad_prog.o
 .ARM.attributes
                0x00000000000000ee       0x34 ./Src/LCD_prog.o
 .ARM.attributes
                0x0000000000000122       0x34 ./Src/RCC_prog.o
 .ARM.attributes
                0x0000000000000156       0x34 ./Src/SysTick.o
 .ARM.attributes
                0x000000000000018a       0x34 ./Src/calculator.o
 .ARM.attributes
                0x00000000000001be       0x34 ./Src/main.o
 .ARM.attributes
                0x00000000000001f2       0x21 ./Startup/startup_stm32f446retx.o
 .ARM.attributes
                0x0000000000000213       0x34 D:/STM32CubeIDE_1.14.0/STM32CubeIDE/plugins/com.st.stm32cube.ide.mcu.externaltools.gnu-tools-for-stm32.11.3.rel1.win32_1.1.100.202309141235/tools/bin/../lib/gcc/arm-none-eabi/11.3.1/../../../../arm-none-eabi/lib/thumb/v7e-m+fp/hard\libc_nano.a(libc_a-init.o)
 .ARM.attributes
                0x0000000000000247       0x1e D:/STM32CubeIDE_1.14.0/STM32CubeIDE/plugins/com.st.stm32cube.ide.mcu.externaltools.gnu-tools-for-stm32.11.3.rel1.win32_1.1.100.202309141235/tools/bin/../lib/gcc/arm-none-eabi/11.3.1/thumb/v7e-m+fp/hard\libgcc.a(_arm_addsubdf3.o)
 .ARM.attributes
                0x0000000000000265       0x1e D:/STM32CubeIDE_1.14.0/STM32CubeIDE/plugins/com.st.stm32cube.ide.mcu.externaltools.gnu-tools-for-stm32.11.3.rel1.win32_1.1.100.202309141235/tools/bin/../lib/gcc/arm-none-eabi/11.3.1/thumb/v7e-m+fp/hard\libgcc.a(_arm_fixunsdfsi.o)
 .ARM.attributes
                0x0000000000000283       0x1e D:/STM32CubeIDE_1.14.0/STM32CubeIDE/plugins/com.st.stm32cube.ide.mcu.externaltools.gnu-tools-for-stm32.11.3.rel1.win32_1.1.100.202309141235/tools/bin/../lib/gcc/arm-none-eabi/11.3.1/thumb/v7e-m+fp/hard/crtn.o
OUTPUT(F446_Calculator_FPU.elf elf32-littlearm)
LOAD linker stubs
LOAD D:/STM32CubeIDE_1.14.0/STM32CubeIDE/plugins/com.st.stm32cube.ide.mcu.externaltools.gnu-tools-for-stm32.11.3.rel1.win32_1.1.100.202309141235/tools/bin/../lib/gcc/arm-none-eabi/11.3.1/../../../../arm-none-eabi/lib/thumb/v7e-m+fp/hard\libc.a
LOAD D:/STM32CubeIDE_1.14.0/STM32CubeIDE/plugins/com.st.stm32cube.ide.mcu.externaltools.gnu-tools-for-stm32.11.3.rel1.win32_1.1.100.202309141235/tools/bin/../lib/gcc/arm-none-eabi/11.3.1/../../../../arm-none-eabi/lib/thumb/v7e-m+fp/hard\libm.a
LOAD D:/STM32CubeIDE_1.14.0/STM32CubeIDE/plugins/com.st.stm32cube.ide.mcu.externaltools.gnu-tools-for-stm32.11.3.rel1.win32_1.1.100.202309141235/tools/bin/../lib/gcc/arm-none-eabi/11.3.1/thumb/v7e-m+fp/hard\libgcc.a

.comment        0x0000000000000000       0x43
 .comment       0x0000000000000000       0x43 D:/STM32CubeIDE_1.14.0/STM32CubeIDE/plugins/com.st.stm32cube.ide.mcu.externaltools.gnu-tools-for-stm32.11.3.rel1.win32_1.1.100.202309141235/tools/bin/../lib/gcc/arm-none-eabi/11.3.1/thumb/v7e-m+fp/hard/crtbegin.o
                                         0x44 (size before relaxing)
 .comment       0x0000000000000043       0x44 ./Src/FPU.o
 .comment       0x0000000000000043       0x44 ./Src/GPIO_prog.o
 .comment       0x0000000000000043       0x44 ./Src/KeyPad_prog.o
 .comment       0x0000000000000043       0x44 ./Src/LCD_prog.o
 .comment       0x0000000000000043       0x44 ./Src/RCC_prog.o
 .comment       0x0000000000000043       0x44 ./Src/SysTick.o
 .comment       0x0000000000000043       0x44 ./Src/calculator.o
 .comment       0x0000000000000043       0x44 ./Src/main.o

.debug_info     0x0000000000000000     0x1e12
 .debug_info    0x0000000000000000       0xab ./Src/FPU.o
 .debug_info    0x00000000000000ab      0x534 ./Src/GPIO_prog.o
 .debug_info    0x00000000000005df      0x4f0 ./Src/KeyPad_prog.o
 .debug_info    0x0000000000000acf      0x66b ./Src/LCD_prog.o
 .debug_info    0x000000000000113a      0x716 ./Src/RCC_prog.o
 .debug_info    0x0000000000001850      0x176 ./Src/SysTick.o
 .debug_info    0x00000000000019c6      0x1f0 ./Src/calculator.o
 .debug_info    0x0000000000001bb6      0x239 ./Src/main.o
 .debug_info    0x0000000000001def       0x23 ./Startup/startup_stm32f446retx.o

.debug_abbrev   0x0000000000000000      0x822
 .debug_abbrev  0x0000000000000000       0x65 ./Src/FPU.o
 .debug_abbrev  0x0000000000000065      0x10e ./Src/GPIO_prog.o
 .debug_abbrev  0x0000000000000173      0x14e ./Src/KeyPad_prog.o
 .debug_abbrev  0x00000000000002c1      0x175 ./Src/LCD_prog.o
 .debug_abbrev  0x0000000000000436      0x140 ./Src/RCC_prog.o
 .debug_abbrev  0x0000000000000576       0xd2 ./Src/SysTick.o
 .debug_abbrev  0x0000000000000648       0xfd ./Src/calculator.o
 .debug_abbrev  0x0000000000000745       0xcb ./Src/main.o
 .debug_abbrev  0x0000000000000810       0x12 ./Startup/startup_stm32f446retx.o

.debug_aranges  0x0000000000000000      0x220
 .debug_aranges
                0x0000000000000000       0x20 ./Src/FPU.o
 .debug_aranges
                0x0000000000000020       0x38 ./Src/GPIO_prog.o
 .debug_aranges
                0x0000000000000058       0x30 ./Src/KeyPad_prog.o
 .debug_aranges
                0x0000000000000088       0x60 ./Src/LCD_prog.o
 .debug_aranges
                0x00000000000000e8       0x88 ./Src/RCC_prog.o
 .debug_aranges
                0x0000000000000170       0x28 ./Src/SysTick.o
 .debug_aranges
                0x0000000000000198       0x40 ./Src/calculator.o
 .debug_aranges
                0x00000000000001d8       0x20 ./Src/main.o
 .debug_aranges
                0x00000000000001f8       0x28 ./Startup/startup_stm32f446retx.o

.debug_rnglists
                0x0000000000000000      0x175
 .debug_rnglists
                0x0000000000000000       0x13 ./Src/FPU.o
 .debug_rnglists
                0x0000000000000013       0x27 ./Src/GPIO_prog.o
 .debug_rnglists
                0x000000000000003a       0x22 ./Src/KeyPad_prog.o
 .debug_rnglists
                0x000000000000005c       0x44 ./Src/LCD_prog.o
 .debug_rnglists
                0x00000000000000a0       0x62 ./Src/RCC_prog.o
 .debug_rnglists
                0x0000000000000102       0x1a ./Src/SysTick.o
 .debug_rnglists
                0x000000000000011c       0x2d ./Src/calculator.o
 .debug_rnglists
                0x0000000000000149       0x13 ./Src/main.o
 .debug_rnglists
                0x000000000000015c       0x19 ./Startup/startup_stm32f446retx.o

.debug_macro    0x0000000000000000     0x1fa7
 .debug_macro   0x0000000000000000       0x6c ./Src/FPU.o
 .debug_macro   0x000000000000006c      0xab4 ./Src/FPU.o
 .debug_macro   0x0000000000000b20       0x22 ./Src/FPU.o
 .debug_macro   0x0000000000000b42       0x8e ./Src/FPU.o
 .debug_macro   0x0000000000000bd0       0x51 ./Src/FPU.o
 .debug_macro   0x0000000000000c21      0x103 ./Src/FPU.o
 .debug_macro   0x0000000000000d24       0x6a ./Src/FPU.o
 .debug_macro   0x0000000000000d8e      0x1df ./Src/FPU.o
 .debug_macro   0x0000000000000f6d       0x22 ./Src/FPU.o
 .debug_macro   0x0000000000000f8f      0x159 ./Src/GPIO_prog.o
 .debug_macro   0x00000000000010e8       0x2a ./Src/GPIO_prog.o
 .debug_macro   0x0000000000001112       0x61 ./Src/GPIO_prog.o
 .debug_macro   0x0000000000001173       0x43 ./Src/GPIO_prog.o
 .debug_macro   0x00000000000011b6       0x34 ./Src/GPIO_prog.o
 .debug_macro   0x00000000000011ea       0x16 ./Src/GPIO_prog.o
 .debug_macro   0x0000000000001200      0x10e ./Src/GPIO_prog.o
 .debug_macro   0x000000000000130e       0x8d ./Src/GPIO_prog.o
 .debug_macro   0x000000000000139b       0x16 ./Src/GPIO_prog.o
 .debug_macro   0x00000000000013b1       0x43 ./Src/GPIO_prog.o
 .debug_macro   0x00000000000013f4       0x34 ./Src/GPIO_prog.o
 .debug_macro   0x0000000000001428       0x10 ./Src/GPIO_prog.o
 .debug_macro   0x0000000000001438       0x58 ./Src/GPIO_prog.o
 .debug_macro   0x0000000000001490       0x8e ./Src/GPIO_prog.o
 .debug_macro   0x000000000000151e       0x1c ./Src/GPIO_prog.o
 .debug_macro   0x000000000000153a      0x177 ./Src/GPIO_prog.o
 .debug_macro   0x00000000000016b1      0x369 ./Src/GPIO_prog.o
 .debug_macro   0x0000000000001a1a       0x16 ./Src/GPIO_prog.o
 .debug_macro   0x0000000000001a30       0x29 ./Src/GPIO_prog.o
 .debug_macro   0x0000000000001a59       0x82 ./Src/GPIO_prog.o
 .debug_macro   0x0000000000001adb       0x1c ./Src/GPIO_prog.o
 .debug_macro   0x0000000000001af7       0x58 ./Src/GPIO_prog.o
 .debug_macro   0x0000000000001b4f       0x8a ./Src/KeyPad_prog.o
 .debug_macro   0x0000000000001bd9       0x4c ./Src/KeyPad_prog.o
 .debug_macro   0x0000000000001c25       0x9c ./Src/LCD_prog.o
 .debug_macro   0x0000000000001cc1       0x1c ./Src/LCD_prog.o
 .debug_macro   0x0000000000001cdd       0x4c ./Src/LCD_prog.o
 .debug_macro   0x0000000000001d29       0x1c ./Src/LCD_prog.o
 .debug_macro   0x0000000000001d45       0x7c ./Src/RCC_prog.o
 .debug_macro   0x0000000000001dc1       0x94 ./Src/SysTick.o
 .debug_macro   0x0000000000001e55       0x16 ./Src/SysTick.o
 .debug_macro   0x0000000000001e6b       0x81 ./Src/calculator.o
 .debug_macro   0x0000000000001eec       0xbb ./Src/main.o

.debug_line     0x0000000000000000     0x2f42
 .debug_line    0x0000000000000000      0x421 ./Src/FPU.o
 .debug_line    0x0000000000000421      0x7ed ./Src/GPIO_prog.o
 .debug_line    0x0000000000000c0e      0x5b0 ./Src/KeyPad_prog.o
 .debug_line    0x00000000000011be      0x6dd ./Src/LCD_prog.o
 .debug_line    0x000000000000189b      0x725 ./Src/RCC_prog.o
 .debug_line    0x0000000000001fc0      0x4f6 ./Src/SysTick.o
 .debug_line    0x00000000000024b6      0x562 ./Src/calculator.o
 .debug_line    0x0000000000002a18      0x4af ./Src/main.o
 .debug_line    0x0000000000002ec7       0x7b ./Startup/startup_stm32f446retx.o

.debug_str      0x0000000000000000     0x8390
 .debug_str     0x0000000000000000     0x3c5e ./Src/FPU.o
                                       0x3dc7 (size before relaxing)
 .debug_str     0x0000000000003c5e     0x3ab5 ./Src/GPIO_prog.o
                                       0x7899 (size before relaxing)
 .debug_str     0x0000000000007713      0x267 ./Src/KeyPad_prog.o
                                       0x415a (size before relaxing)
 .debug_str     0x000000000000797a      0x3a1 ./Src/LCD_prog.o
                                       0x42d3 (size before relaxing)
 .debug_str     0x0000000000007d1b      0x482 ./Src/RCC_prog.o
                                       0x452b (size before relaxing)
 .debug_str     0x000000000000819d       0xd3 ./Src/SysTick.o
                                       0x3e6b (size before relaxing)
 .debug_str     0x0000000000008270       0xc8 ./Src/calculator.o
                                       0x3e53 (size before relaxing)
 .debug_str     0x0000000000008338       0x29 ./Src/main.o
                                       0x403d (size before relaxing)
 .debug_str     0x0000000000008361       0x2f ./Startup/startup_stm32f446retx.o
                                         0x75 (size before relaxing)

.debug_frame    0x0000000000000000      0x728
 .debug_frame   0x0000000000000000       0x38 ./Src/FPU.o
 .debug_frame   0x0000000000000038       0xb0 ./Src/GPIO_prog.o
 .debug_frame   0x00000000000000e8       0x7c ./Src/KeyPad_prog.o
 .debug_frame   0x0000000000000164      0x14c ./Src/LCD_prog.o
 .debug_frame   0x00000000000002b0      0x240 ./Src/RCC_prog.o
 .debug_frame   0x00000000000004f0       0x60 ./Src/SysTick.o
 .debug_frame   0x0000000000000550       0xb0 ./Src/calculator.o
 .debug_frame   0x0000000000000600       0x2c ./Src/main.o
 .debug_frame   0x000000000000062c       0x2c D:/STM32CubeIDE_1.14.0/STM32CubeIDE/plugins/com.st.stm32cube.ide.mcu.externaltools.gnu-tools-for-stm32.11.3.rel1.win32_1.1.100.202309141235/tools/bin/../lib/gcc/arm-none-eabi/11.3.1/../../../../arm-none-eabi/lib/thumb/v7e-m+fp/hard\libc_nano.a(libc_a-init.o)
 .debug_frame   0x0000000000000658       0xac D:/STM32CubeIDE_1.14.0/STM32CubeIDE/plugins/com.st.stm32cube.ide.mcu.externaltools.gnu-tools-for-stm32.11.3.rel1.win32_1.1.100.202309141235/tools/bin/../lib/gcc/arm-none-eabi/11.3.1/thumb/v7e-m+fp/hard\libgcc.a(_arm_addsubdf3.o)
 .debug_frame   0x0000000000000704       0x24 D:/STM32CubeIDE_1.14.0/STM32CubeIDE/plugins/com.st.stm32cube.ide.mcu.externaltools.gnu-tools-for-stm32.11.3.rel1.win32_1.1.100.202309141235/tools/bin/../lib/gcc/arm-none-eabi/11.3.1/thumb/v7e-m+fp/hard\libgcc.a(_arm_fixunsdfsi.o)

.debug_line_str
                0x0000000000000000       0x69
 .debug_line_str
                0x0000000000000000       0x69 ./Startup/startup_stm32f446retx.o
                                         0x81 (size before relaxing)
